\BOOKMARK [1][-]{section.1}{\376\377\000A\000\040\000m\000o\000d\000e\000l\000l\000\040\000c\000\351\000l\000j\000a}{}% 1
\BOOKMARK [1][-]{section.2}{\376\377\000K\000o\000o\000r\000d\000i\000n\000\341\000t\000a\000r\000e\000n\000d\000s\000z\000e\000r\000\040\000\351\000s\000\040\000e\000l\001\121\000j\000e\000l\000-\000k\000o\000n\000v\000e\000n\000c\000i\000\363}{}% 2
\BOOKMARK [1][-]{section.3}{\376\377\000A\000\040\000m\000o\000d\000e\000l\000l\000\040\000f\000i\000z\000i\000k\000a\000i\000\040\000p\000a\000r\000a\000m\000\351\000t\000e\000r\000e\000i}{}% 3
\BOOKMARK [1][-]{section.4}{\376\377\000M\000i\000\351\000r\000t\000\040\000n\000e\000m\000\040\000h\000a\000s\000z\000n\000\341\000l\000j\000u\000k\000\040\000k\000\366\000z\000v\000e\000t\000l\000e\000n\000\374\000l\000\040\000a\000\040\000h\000a\000t\000\040\000k\000o\000o\000r\000d\000i\000n\000\341\000t\000\341\000t\000?}{}% 4
\BOOKMARK [1][-]{section.5}{\376\377\000S\000\355\000k\000b\000e\000l\000i\000\040\000k\000i\000n\000e\000m\000a\000t\000i\000k\000a}{}% 5
\BOOKMARK [2][-]{subsection.5.1}{\376\377\000A\000\040\000r\000o\000b\000o\000t\000\040\000e\000l\001\121\000r\000e\000-\000\040\000\351\000s\000\040\000b\000a\000l\000i\000r\000\341\000n\000y\000\372\000\040\000e\000g\000y\000s\000\351\000g\000v\000e\000k\000t\000o\000r\000a}{section.5}% 6
\BOOKMARK [1][-]{section.6}{\376\377\000A\000\040\000k\000\351\000t\000\040\000k\000e\000r\000\351\000k\000\040\000k\000i\000n\000e\000m\000a\000t\000i\000k\000\341\000j\000a}{}% 7
\BOOKMARK [1][-]{section.7}{\376\377\000A\000b\000s\000z\000o\000l\000\372\000t\000\040\000k\000e\000r\000\351\000k\000s\000z\000\366\000g\000\040\000\351\000s\000\040\000a\000\040\000m\000o\000t\000o\000r\000e\000n\000c\000o\000d\000e\000r\000\040\000s\000z\000\366\000g\000e}{}% 8
\BOOKMARK [1][-]{section.8}{\376\377\000A\000\040\000f\001\121\000t\000e\000s\000t\000\040\000t\000\366\000m\000e\000g\000k\000\366\000z\000\351\000p\000p\000o\000n\000t\000j\000\341\000n\000a\000k\000\040\000h\000e\000l\000y\000e}{}% 9
\BOOKMARK [1][-]{section.9}{\376\377\000A\000\040\000f\001\121\000t\000e\000s\000t\000\040\000t\000\366\000m\000e\000g\000k\000\366\000z\000\351\000p\000p\000o\000n\000t\000j\000\341\000n\000a\000k\000\040\000s\000e\000b\000e\000s\000s\000\351\000g\000e}{}% 10
\BOOKMARK [1][-]{section.10}{\376\377\000K\000\366\000z\000\366\000s\000\040\000\351\000s\000\040\000k\000\374\000l\000\366\000n\000b\000s\000\351\000g\000i\000\040\000h\000a\000j\000t\000\363\000n\000y\000o\000m\000a\000t\000\351\000k}{}% 11
\BOOKMARK [1][-]{section.11}{\376\377\000A\000\040\000h\000a\000j\000t\000\363\000n\000y\000o\000m\000a\000t\000\351\000k\000o\000k\000\040\000\341\000l\000t\000a\000l\000\341\000n\000o\000s\000\355\000t\000o\000t\000t\000\040\000e\000r\001\121\000i}{}% 12
\BOOKMARK [2][-]{subsection.11.1}{\376\377\000E\000l\001\121\000r\000e\000m\000e\000n\000e\000t\000i\000\040\000i\000r\000\341\000n\000y}{section.11}% 13
\BOOKMARK [2][-]{subsection.11.2}{\376\377\000D\001\121\000l\000\351\000s\000i\000\040\000i\000r\000\341\000n\000y}{section.11}% 14
\BOOKMARK [2][-]{subsection.11.3}{\376\377\000E\000l\000f\000o\000r\000d\000u\000l\000\341\000s\000i\000\040\000i\000r\000\341\000n\000y}{section.11}% 15
\BOOKMARK [1][-]{section.12}{\376\377\000A\000\040\000k\000i\000n\000e\000t\000i\000k\000u\000s\000\040\000e\000n\000e\000r\000g\000i\000a\000\040\000f\000e\000l\000\351\000p\000\355\000t\000\351\000s\000e}{}% 16
\BOOKMARK [2][-]{subsection.12.1}{\376\377\000A\000\040\000f\001\121\000t\000e\000s\000t\000\040\000t\000r\000a\000n\000s\000z\000l\000\341\000c\000i\000\363\000s\000\040\000k\000i\000n\000e\000t\000i\000k\000u\000s\000\040\000e\000n\000e\000r\000g\000i\000\341\000j\000a}{section.12}% 17
\BOOKMARK [2][-]{subsection.12.2}{\376\377\000A\000\040\000f\001\121\000t\000e\000s\000t\000\040\000f\000o\000r\000g\000\341\000s\000i\000\040\000k\000i\000n\000e\000t\000i\000k\000u\000s\000\040\000e\000n\000e\000r\000g\000i\000\341\000j\000a}{section.12}% 18
\BOOKMARK [2][-]{subsection.12.3}{\376\377\000A\000\040\000k\000e\000r\000e\000k\000e\000k\000\040\000t\000r\000a\000n\000s\000z\000l\000\341\000c\000i\000\363\000s\000\040\000k\000i\000n\000e\000t\000i\000k\000u\000s\000\040\000e\000n\000e\000r\000g\000i\000\341\000j\000a}{section.12}% 19
\BOOKMARK [2][-]{subsection.12.4}{\376\377\000A\000\040\000k\000e\000r\000e\000k\000e\000k\000\040\000s\000a\000j\000\341\000t\000\040\000t\000e\000n\000g\000e\000l\000y\000\040\000k\000\366\000r\000\374\000l\000i\000\040\000f\000o\000r\000g\000\341\000s\000i\000\040\000e\000n\000e\000r\000g\000i\000\341\000j\000a}{section.12}% 20
\BOOKMARK [2][-]{subsection.12.5}{\376\377\000A\000\040\000k\000e\000r\000e\000k\000e\000k\000\040\000e\000l\000f\000o\000r\000d\000u\000l\000\341\000s\000i\000\040\000t\000e\000h\000e\000t\000e\000t\000l\000e\000n\000s\000\351\000g\000e}{section.12}% 21
\BOOKMARK [1][-]{section.13}{\376\377\000\326\000s\000s\000z\000e\000v\000o\000n\000t\000\040\000t\000e\000h\000e\000t\000e\000t\000l\000e\000n\000s\000\351\000g\000i\000\040\000e\000g\000y\000\374\000t\000t\000h\000a\000t\000\363\000k}{}% 22
\BOOKMARK [2][-]{subsection.13.1}{\376\377\000E\000f\000f\000e\000k\000t\000\355\000v\000\040\000h\000o\000s\000s\000z\000i\000r\000\341\000n\000y\000\372\000\040\000t\000e\000h\000e\000t\000e\000t\000l\000e\000n\000s\000\351\000g}{section.13}% 23
\BOOKMARK [2][-]{subsection.13.2}{\376\377\000E\000f\000f\000e\000k\000t\000\355\000v\000\040\000d\001\121\000l\000\351\000s\000i\000\040\000t\000e\000h\000e\000t\000e\000t\000l\000e\000n\000s\000\351\000g}{section.13}% 24
\BOOKMARK [2][-]{subsection.13.3}{\376\377\000E\000f\000f\000e\000k\000t\000\355\000v\000\040\000e\000l\000f\000o\000r\000d\000u\000l\000\341\000s\000i\000\040\000t\000e\000h\000e\000t\000e\000t\000l\000e\000n\000s\000\351\000g}{section.13}% 25
\BOOKMARK [1][-]{section.14}{\376\377\000A\000\040\000t\000e\000l\000j\000e\000s\000\040\000k\000i\000n\000e\000t\000i\000k\000u\000s\000\040\000e\000n\000e\000r\000g\000i\000a\000\040\000r\000e\000d\000u\000k\000\341\000l\000t\000\040\000a\000l\000a\000k\000j\000a}{}% 26
\BOOKMARK [1][-]{section.15}{\376\377\000P\000o\000t\000e\000n\000c\000i\000\341\000l\000i\000s\000\040\000e\000n\000e\000r\000g\000i\000a}{}% 27
\BOOKMARK [1][-]{section.16}{\376\377\000A\000\040\000L\000a\000g\000r\000a\000n\000g\000e\000-\000f\000\374\000g\000g\000v\000\351\000n\000y}{}% 28
\BOOKMARK [1][-]{section.17}{\376\377\000A\000\040\000n\000e\000m\000l\000i\000n\000e\000\341\000r\000i\000s\000\040\000m\000o\000z\000g\000\341\000s\000e\000g\000y\000e\000n\000l\000e\000t\000e\000k}{}% 29
\BOOKMARK [2][-]{subsection.17.1}{\376\377\000E\000l\001\121\000r\000e\000m\000e\000n\000e\000t\000i\000\040\000m\000o\000z\000g\000\341\000s\000\040\000e\000g\000y\000e\000n\000l\000e\000t\000e}{section.17}% 30
\BOOKMARK [2][-]{subsection.17.2}{\376\377\000D\001\121\000l\000\351\000s\000i\000\040\000m\000o\000z\000g\000\341\000s\000\040\000e\000g\000y\000e\000n\000l\000e\000t\000e}{section.17}% 31
\BOOKMARK [2][-]{subsection.17.3}{\376\377\000E\000l\000f\000o\000r\000d\000u\000l\000\341\000s\000i\000\040\000m\000o\000z\000g\000\341\000s\000\040\000e\000g\000y\000e\000n\000l\000e\000t\000e}{section.17}% 32
\BOOKMARK [1][-]{section.18}{\376\377\000M\000\341\000t\000r\000i\000x\000o\000s\000\040\000a\000l\000a\000k}{}% 33
\BOOKMARK [1][-]{section.19}{\376\377\000M\000i\000t\000\040\000k\000e\000l\000l\000\040\000a\000\040\000S\000i\000m\000u\000l\000i\000n\000k\000b\000e\000n\000\040\000t\000\351\000n\000y\000l\000e\000g\000e\000s\000e\000n\000\040\000k\000i\000s\000z\000\341\000m\000o\000l\000n\000i\000?}{}% 34
\BOOKMARK [1][-]{section.20}{\376\377\000A\000\040\000S\000i\000m\000u\000l\000i\000n\000k\000\040\000m\000e\000c\000h\000a\000n\000i\000k\000a\000i\000\040\000p\000l\000a\000n\000t\000\040\000l\000o\000g\000i\000k\000a\000i\000\040\000f\000e\000l\000\351\000p\000\355\000t\000\351\000s\000e}{}% 35
\BOOKMARK [1][-]{section.21}{\376\377\000A\000\040\000n\000e\000m\000l\000i\000n\000e\000\341\000r\000i\000s\000\040\000d\000i\000n\000a\000m\000i\000k\000a\000\040\000M\000A\000T\000L\000A\000B\000\040\000F\000u\000n\000c\000t\000i\000o\000n\000\040\000b\000l\000o\000k\000k\000j\000a}{}% 36
\BOOKMARK [1][-]{section.22}{\376\377\000A\000z\000\040\000i\000n\000t\000e\000g\000r\000\341\000t\000o\000r\000o\000k\000\040\000f\000e\000l\000\351\000p\000\355\000t\000\351\000s\000e}{}% 37
\BOOKMARK [1][-]{section.23}{\376\377\000A\000\040\000v\000i\000l\000\341\000g\000k\000o\000o\000r\000d\000i\000n\000\341\000t\000\341\000s\000\040\000h\000e\000l\000y\000z\000e\000t\000\040\000k\000\374\000l\000\366\000n\000\040\000k\000i\000s\000z\000\341\000m\000\355\000t\000\341\000s\000a}{}% 38
\BOOKMARK [1][-]{section.24}{\376\377\000A\000\040\000k\000e\000r\000\351\000k\000s\000e\000b\000e\000s\000s\000\351\000g\000e\000k\000\040\000\351\000s\000\040\000k\000e\000r\000\351\000k\000s\000z\000\366\000g\000e\000k\000\040\000k\000i\000s\000z\000\341\000m\000\355\000t\000\341\000s\000a}{}% 39
\BOOKMARK [1][-]{section.25}{\376\377\000A\000\040\000t\000e\000l\000j\000e\000s\000\040\000m\000e\000c\000h\000a\000n\000i\000k\000a\000i\000\040\000\341\000l\000l\000a\000p\000o\000t\000,\000\040\000a\000m\000e\000l\000y\000e\000t\000\040\000\351\000r\000d\000e\000m\000e\000s\000\040\000n\000a\000p\000l\000\363\000z\000n\000i}{}% 40
\BOOKMARK [1][-]{section.26}{\376\377\000J\000a\000v\000a\000s\000o\000l\000t\000\040\000S\000i\000m\000u\000l\000i\000n\000k\000\040\000a\000l\000r\000e\000n\000d\000s\000z\000e\000r\000s\000t\000r\000u\000k\000t\000\372\000r\000a}{}% 41
\BOOKMARK [1][-]{section.27}{\376\377\000M\000i\000n\000i\000m\000\341\000l\000i\000s\000\040\000p\000a\000r\000a\000m\000\351\000t\000e\000r\000-\000i\000n\000i\000c\000i\000a\000l\000i\000z\000\341\000l\000\363\000\040\000s\000z\000k\000r\000i\000p\000t}{}% 42
\BOOKMARK [1][-]{section.28}{\376\377\000N\000y\000\355\000l\000t\000h\000u\000r\000k\000\372\000\040\000e\000l\000l\000e\000n\001\121\000r\000z\001\121\000v\000i\000z\000s\000g\000\341\000l\000a\000t\000o\000k}{}% 43
\BOOKMARK [2][-]{subsection.28.1}{\376\377\0001\000.\000\040\000v\000i\000z\000s\000g\000\341\000l\000a\000t\000:\000\040\000s\000z\000a\000b\000\341\000l\000y\000o\000z\000\341\000s\000\040\000n\000\351\000l\000k\000\374\000l\000i\000\040\000e\000l\000d\001\121\000l\000\351\000s}{section.28}% 44
\BOOKMARK [2][-]{subsection.28.2}{\376\377\0002\000.\000\040\000v\000i\000z\000s\000g\000\341\000l\000a\000t\000:\000\040\000c\000s\000a\000k\000\040\000k\000\366\000z\000\366\000s\000\040\000n\000y\000o\000m\000a\000t\000\351\000k}{section.28}% 45
\BOOKMARK [2][-]{subsection.28.3}{\376\377\0003\000.\000\040\000v\000i\000z\000s\000g\000\341\000l\000a\000t\000:\000\040\000c\000s\000a\000k\000\040\000k\000\374\000l\000\366\000n\000b\000s\000\351\000g\000i\000\040\000n\000y\000o\000m\000a\000t\000\351\000k}{section.28}% 46
\BOOKMARK [2][-]{subsection.28.4}{\376\377\0004\000.\000\040\000v\000i\000z\000s\000g\000\341\000l\000a\000t\000:\000\040\000d\001\121\000l\000\351\000s\000\040\000\351\000s\000\040\000e\000l\000f\000o\000r\000d\000u\000l\000\341\000s\000\040\000e\000g\000y\000i\000d\000e\000j\001\161\000l\000e\000g}{section.28}% 47
\BOOKMARK [1][-]{section.29}{\376\377\000M\000i\000t\000\040\000n\000e\000m\000\040\000t\000a\000r\000t\000a\000l\000m\000a\000z\000\040\000m\000\351\000g\000\040\000e\000z\000\040\000a\000\040\000m\000o\000d\000e\000l\000l\000?}{}% 48
\BOOKMARK [1][-]{section.30}{\376\377\000P\000a\000p\000\355\000r\000o\000n\000\040\000v\000\351\000g\000i\000g\000\355\000r\000h\000a\000t\000\363\000\040\000t\000\366\000m\000\366\000r\000\040\000l\000e\000v\000e\000z\000e\000t\000\351\000s\000i\000\040\000s\000o\000r\000r\000e\000n\000d}{}% 49
\BOOKMARK [1][-]{section.31}{\376\377\000A\000\040\000m\000e\000c\000h\000a\000n\000i\000k\000a\000i\000\040\000m\000o\000d\000e\000l\000l\000\040\000v\000\351\000g\000s\001\121\000\040\000\366\000s\000s\000z\000e\000f\000o\000g\000l\000a\000l\000\341\000s\000a}{}% 50
